// Jest Snapshot v1, https://goo.gl/fbAQLP

exports[`SettingsContainer snapshot tests should test against the given snapshot 1`] = `
<div>
  <h1
    className="routeTitle"
  >
    Settings
  </h1>
  <p>
    Settings specific components to come in here.
  </p>
</div>
`;
