// Jest Snapshot v1, https://goo.gl/fbAQLP

exports[`Development App should test against the given snapshot 1`] = `
ShallowWrapper {
  "complexSelector": ComplexSelector {
    "buildPredicate": [Function],
    "childrenOfNode": [Function],
    "findWhereUnwrapped": [Function],
  },
  "length": 1,
  "node": <div>
    <Connect(Overview)
        grabFocusOnMount={true}
    />
    <DevTools />
</div>,
  "nodes": Array [
    <div>
      <Connect(Overview)
            grabFocusOnMount={true}
      />
      <DevTools />
</div>,
  ],
  "options": Object {},
  "renderer": ReactShallowRenderer {
    "_instance": ShallowComponentWrapper {
      "_calledComponentWillUnmount": false,
      "_compositeType": 0,
      "_context": Object {},
      "_currentElement": <Provider
        store={
                Object {
                        "clearActions": [Function],
                        "dispatch": [Function],
                        "getActions": [Function],
                        "getState": [Function],
                        "replaceReducer": [Function],
                        "subscribe": [Function],
                      }
        }
>
        <div>
                <Connect(Overview)
                        grabFocusOnMount={true}
                />
                <DevTools />
        </div>
</Provider>,
      "_debugID": 1,
      "_hostContainerInfo": null,
      "_hostParent": null,
      "_instance": Provider {
        "_reactInternalInstance": [Circular],
        "context": Object {},
        "props": Object {
          "children": <div>
            <Connect(Overview)
                        grabFocusOnMount={true}
            />
            <DevTools />
</div>,
          "store": Object {
            "clearActions": [Function],
            "dispatch": [Function],
            "getActions": [Function],
            "getState": [Function],
            "replaceReducer": [Function],
            "subscribe": [Function],
          },
        },
        "refs": Object {},
        "state": null,
        "store": Object {
          "clearActions": [Function],
          "dispatch": [Function],
          "getActions": [Function],
          "getState": [Function],
          "replaceReducer": [Function],
          "subscribe": [Function],
        },
        "updater": Object {
          "enqueueCallback": [Function],
          "enqueueCallbackInternal": [Function],
          "enqueueElementInternal": [Function],
          "enqueueForceUpdate": [Function],
          "enqueueReplaceState": [Function],
          "enqueueSetState": [Function],
          "isMounted": [Function],
          "validateCallback": [Function],
        },
      },
      "_mountOrder": 1,
      "_pendingCallbacks": null,
      "_pendingElement": null,
      "_pendingForceUpdate": false,
      "_pendingReplaceState": false,
      "_pendingStateQueue": null,
      "_renderedComponent": NoopInternalComponent {
        "_currentElement": <div>
          <Connect(Overview)
                    grabFocusOnMount={true}
          />
          <DevTools />
</div>,
        "_debugID": 2,
        "_renderedOutput": <div>
          <Connect(Overview)
                    grabFocusOnMount={true}
          />
          <DevTools />
</div>,
      },
      "_renderedNodeType": 0,
      "_rootNodeID": 0,
      "_topLevelWrapper": null,
      "_updateBatchNumber": null,
      "_warnedAboutRefsInRender": false,
    },
    "getRenderOutput": [Function],
    "render": [Function],
  },
  "root": [Circular],
  "unrendered": <Provider
    store={
        Object {
            "clearActions": [Function],
            "dispatch": [Function],
            "getActions": [Function],
            "getState": [Function],
            "replaceReducer": [Function],
            "subscribe": [Function],
          }
    }
>
    <div>
        <Connect(Overview)
            grabFocusOnMount={true}
        />
        <DevTools />
    </div>
</Provider>,
}
`;
