// Jest Snapshot v1, https://goo.gl/fbAQLP

exports[`ImgFromPouch snapshot tests should test against the given snapshot 1`] = `
<img
  src={undefined}
/>
`;
