// Jest Snapshot v1, https://goo.gl/fbAQLP

exports[`LoadingIndicator snapshot tests should test against the given snapshot 1`] = `
<div
  className="container"
>
  <span
    className="dotone dot"
  />
  <span
    className="dottwo dot"
  />
  <span
    className="dotthree dot"
  />
</div>
`;
