// Jest Snapshot v1, https://goo.gl/fbAQLP

exports[`Overview snapshot tests should test against the given snapshot 1`] = `
<div
  className={undefined}
>
  <span
    className=""
  />
  <span
    className=""
  />
  <span
    className=""
  />
</div>
`;
