// Jest Snapshot v1, https://goo.gl/fbAQLP

exports[`App Test should create a page in the database for the visit 1`] = `
Object {
  "_attachments": Object {
    "favIcon": Object {
      "content_type": "image/png",
      "digest": "md5-7cVkAmmX4suBnAFSJ4A2Wg==",
      "length": 67,
      "revpos": 4,
      "stub": true,
    },
    "frozen-page.html": Object {
      "content_type": "text/html;charset=utf-8",
      "digest": "md5-yDMBQlsq0dSWRzpf89nsyg==",
      "length": 13,
      "revpos": 3,
      "stub": true,
    },
    "screenshot": Object {
      "content_type": "image/png",
      "digest": "md5-7cVkAmmX4suBnAFSJ4A2Wg==",
      "length": 67,
      "revpos": 5,
      "stub": true,
    },
  },
  "content": "page content",
  "url": "https://example.com/page",
}
`;
