// Jest Snapshot v1, https://goo.gl/fbAQLP

exports[`LinkToLocalVersion snapshot tests should test against the given snapshot 1`] = `
<a
  href="/page-viewer/localpage.html?page=page/1495120848122/1895257124"
  title="Stored version available"
>
  <img
    alt="ðŸ’¾ saved"
    src="img/save-icon.png"
  />
</a>
`;
